2026-08-29 15:00:47 [INFO] CSC is loading...   Success！
2026-08-29 15:02:36 [INFO] CSC is loading...   Success！
2026-08-29 15:04:28 [INFO] CSC is loading...   Success！
2026-08-29 15:06:34 [INFO] CSC is loading...   Success！
2026-08-29 15:09:26 [INFO]    _____  _____  _____ 
2026-08-29 15:09:26 [INFO]   / ____|/ ____|/ ____|
2026-08-29 15:09:26 [INFO]  | |    | (___ | |        [CSC] Version: v2.27.45
2026-08-29 15:09:26 [INFO]  | |     \___ \| |        Minecraft Version: 1.21.1 neoforge
2026-08-29 15:09:26 [INFO]  | |____ ____) | |____    Problem/Feedback: Discord: https://discord.gg/rQV5JPauY7
2026-08-29 15:09:26 [INFO]   \_____|_____/ \_____|
2026-08-29 15:09:26 [INFO]                        
2026-08-29 15:09:26 [INFO] Security notice: Mod id whitelist mode is enabled. This feature restricts printing blocks from mods outside the whitelist to reduce the risk of blueprint vulnerabilities from unknown mods.
If the administrator already understands this security notice, disable the notice with: /csc notice whitelistid off
Control mod id whitelist mode: /csc mode whitelistid on|off
Open config/CSC/config.toml for more detailed configuration.
2026-08-29 15:09:46 [INFO] CSC close completely, thanks for using!
2026-08-29 18:49:51 [INFO] CSC is loading...   Success！
2026-08-29 21:59:23 [INFO] CSC is loading...   Success！
2026-08-29 22:00:28 [INFO]    _____  _____  _____ 
2026-08-29 22:00:28 [INFO]   / ____|/ ____|/ ____|
2026-08-29 22:00:28 [INFO]  | |    | (___ | |        [CSC] Version: v2.27.45
2026-08-29 22:00:28 [INFO]  | |     \___ \| |        Minecraft Version: 1.21.1 neoforge
2026-08-29 22:00:28 [INFO]  | |____ ____) | |____    Problem/Feedback: Discord: https://discord.gg/rQV5JPauY7
2026-08-29 22:00:28 [INFO]   \_____|_____/ \_____|
2026-08-29 22:00:28 [INFO]                        
2026-08-29 22:00:28 [INFO] Security notice: Mod id whitelist mode is enabled. This feature restricts printing blocks from mods outside the whitelist to reduce the risk of blueprint vulnerabilities from unknown mods.
If the administrator already understands this security notice, disable the notice with: /csc notice whitelistid off
Control mod id whitelist mode: /csc mode whitelistid on|off
Open config/CSC/config.toml for more detailed configuration.
2026-08-29 22:31:32 [INFO] CSC close completely, thanks for using!
2026-08-30 21:03:11 [INFO] CSC is loading...   Success！
2026-08-30 21:03:55 [INFO]    _____  _____  _____ 
2026-08-30 21:03:55 [INFO]   / ____|/ ____|/ ____|
2026-08-30 21:03:55 [INFO]  | |    | (___ | |        [CSC] Version: v2.27.45
2026-08-30 21:03:55 [INFO]  | |     \___ \| |        Minecraft Version: 1.21.1 neoforge
2026-08-30 21:03:55 [INFO]  | |____ ____) | |____    Problem/Feedback: Discord: https://discord.gg/rQV5JPauY7
2026-08-30 21:03:55 [INFO]   \_____|_____/ \_____|
2026-08-30 21:03:55 [INFO]                        
2026-08-30 21:03:55 [INFO] Security notice: Mod id whitelist mode is enabled. This feature restricts printing blocks from mods outside the whitelist to reduce the risk of blueprint vulnerabilities from unknown mods.
If the administrator already understands this security notice, disable the notice with: /csc notice whitelistid off
Control mod id whitelist mode: /csc mode whitelistid on|off
Open config/CSC/config.toml for more detailed configuration.
2026-08-30 21:09:48 [INFO] CSC close completely, thanks for using!
2026-08-30 21:47:58 [INFO] CSC is loading...   Success！
2026-08-30 21:48:51 [INFO]    _____  _____  _____ 
2026-08-30 21:48:51 [INFO]   / ____|/ ____|/ ____|
2026-08-30 21:48:51 [INFO]  | |    | (___ | |        [CSC] Version: v2.27.45
2026-08-30 21:48:51 [INFO]  | |     \___ \| |        Minecraft Version: 1.21.1 neoforge
2026-08-30 21:48:51 [INFO]  | |____ ____) | |____    Problem/Feedback: Discord: https://discord.gg/rQV5JPauY7
2026-08-30 21:48:51 [INFO]   \_____|_____/ \_____|
2026-08-30 21:48:51 [INFO]                        
2026-08-30 21:48:51 [INFO] Security notice: Mod id whitelist mode is enabled. This feature restricts printing blocks from mods outside the whitelist to reduce the risk of blueprint vulnerabilities from unknown mods.
If the administrator already understands this security notice, disable the notice with: /csc notice whitelistid off
Control mod id whitelist mode: /csc mode whitelistid on|off
Open config/CSC/config.toml for more detailed configuration.
2026-08-30 22:38:17 [INFO] CSC close completely, thanks for using!
2026-08-30 22:52:50 [INFO] CSC is loading...   Success！
2026-08-30 22:53:42 [INFO]    _____  _____  _____ 
2026-08-30 22:53:42 [INFO]   / ____|/ ____|/ ____|
2026-08-30 22:53:42 [INFO]  | |    | (___ | |        [CSC] Version: v2.27.45
2026-08-30 22:53:42 [INFO]  | |     \___ \| |        Minecraft Version: 1.21.1 neoforge
2026-08-30 22:53:42 [INFO]  | |____ ____) | |____    Problem/Feedback: Discord: https://discord.gg/rQV5JPauY7
2026-08-30 22:53:42 [INFO]   \_____|_____/ \_____|
2026-08-30 22:53:42 [INFO]                        
2026-08-30 22:53:42 [INFO] Security notice: Mod id whitelist mode is enabled. This feature restricts printing blocks from mods outside the whitelist to reduce the risk of blueprint vulnerabilities from unknown mods.
If the administrator already understands this security notice, disable the notice with: /csc notice whitelistid off
Control mod id whitelist mode: /csc mode whitelistid on|off
Open config/CSC/config.toml for more detailed configuration.
2026-08-30 23:30:55 [INFO] CSC is loading...   Success！
2026-08-30 23:32:31 [INFO]    _____  _____  _____ 
2026-08-30 23:32:31 [INFO]   / ____|/ ____|/ ____|
2026-08-30 23:32:31 [INFO]  | |    | (___ | |        [CSC] Version: v2.27.45
2026-08-30 23:32:31 [INFO]  | |     \___ \| |        Minecraft Version: 1.21.1 neoforge
2026-08-30 23:32:31 [INFO]  | |____ ____) | |____    Problem/Feedback: Discord: https://discord.gg/rQV5JPauY7
2026-08-30 23:32:31 [INFO]   \_____|_____/ \_____|
2026-08-30 23:32:31 [INFO]                        
2026-08-30 23:32:31 [INFO] Security notice: Mod id whitelist mode is enabled. This feature restricts printing blocks from mods outside the whitelist to reduce the risk of blueprint vulnerabilities from unknown mods.
If the administrator already understands this security notice, disable the notice with: /csc notice whitelistid off
Control mod id whitelist mode: /csc mode whitelistid on|off
Open config/CSC/config.toml for more detailed configuration.
2026-08-31 00:13:58 [INFO] CSC close completely, thanks for using!
2026-08-31 20:12:04 [INFO] CSC is loading...   Success！
2026-08-31 20:13:02 [INFO]    _____  _____  _____ 
2026-08-31 20:13:02 [INFO]   / ____|/ ____|/ ____|
2026-08-31 20:13:02 [INFO]  | |    | (___ | |        [CSC] Version: v2.27.45
2026-08-31 20:13:02 [INFO]  | |     \___ \| |        Minecraft Version: 1.21.1 neoforge
2026-08-31 20:13:02 [INFO]  | |____ ____) | |____    Problem/Feedback: Discord: https://discord.gg/rQV5JPauY7
2026-08-31 20:13:02 [INFO]   \_____|_____/ \_____|
2026-08-31 20:13:02 [INFO]                        
2026-08-31 20:13:02 [INFO] Security notice: Mod id whitelist mode is enabled. This feature restricts printing blocks from mods outside the whitelist to reduce the risk of blueprint vulnerabilities from unknown mods.
If the administrator already understands this security notice, disable the notice with: /csc notice whitelistid off
Control mod id whitelist mode: /csc mode whitelistid on|off
Open config/CSC/config.toml for more detailed configuration.
2026-08-31 20:29:51 [INFO] CSC close completely, thanks for using!
2026-08-31 21:27:27 [INFO] CSC is loading...   Success！
2026-08-31 21:35:56 [INFO]    _____  _____  _____ 
2026-08-31 21:35:56 [INFO]   / ____|/ ____|/ ____|
2026-08-31 21:35:56 [INFO]  | |    | (___ | |        [CSC] Version: v2.27.45
2026-08-31 21:35:56 [INFO]  | |     \___ \| |        Minecraft Version: 1.21.1 neoforge
2026-08-31 21:35:56 [INFO]  | |____ ____) | |____    Problem/Feedback: Discord: https://discord.gg/rQV5JPauY7
2026-08-31 21:35:56 [INFO]   \_____|_____/ \_____|
2026-08-31 21:35:56 [INFO]                        
2026-08-31 21:35:56 [INFO] Security notice: Mod id whitelist mode is enabled. This feature restricts printing blocks from mods outside the whitelist to reduce the risk of blueprint vulnerabilities from unknown mods.
If the administrator already understands this security notice, disable the notice with: /csc notice whitelistid off
Control mod id whitelist mode: /csc mode whitelistid on|off
Open config/CSC/config.toml for more detailed configuration.
2026-08-31 23:39:28 [INFO] CSC close completely, thanks for using!
2026-09-02 18:37:20 [INFO] CSC is loading...   Success！
2026-09-02 18:40:25 [INFO]    _____  _____  _____ 
2026-09-02 18:40:25 [INFO]   / ____|/ ____|/ ____|
2026-09-02 18:40:25 [INFO]  | |    | (___ | |        [CSC] Version: v2.27.45
2026-09-02 18:40:25 [INFO]  | |     \___ \| |        Minecraft Version: 1.21.1 neoforge
2026-09-02 18:40:25 [INFO]  | |____ ____) | |____    Problem/Feedback: Discord: https://discord.gg/rQV5JPauY7
2026-09-02 18:40:25 [INFO]   \_____|_____/ \_____|
2026-09-02 18:40:25 [INFO]                        
2026-09-02 18:40:25 [INFO] Security notice: Mod id whitelist mode is enabled. This feature restricts printing blocks from mods outside the whitelist to reduce the risk of blueprint vulnerabilities from unknown mods.
If the administrator already understands this security notice, disable the notice with: /csc notice whitelistid off
Control mod id whitelist mode: /csc mode whitelistid on|off
Open config/CSC/config.toml for more detailed configuration.
2026-09-02 18:41:01 [INFO] CSC close completely, thanks for using!
2026-09-02 18:42:43 [INFO] CSC is loading...   Success！
2026-09-02 18:43:45 [INFO]    _____  _____  _____ 
2026-09-02 18:43:45 [INFO]   / ____|/ ____|/ ____|
2026-09-02 18:43:45 [INFO]  | |    | (___ | |        [CSC] Version: v2.27.45
2026-09-02 18:43:45 [INFO]  | |     \___ \| |        Minecraft Version: 1.21.1 neoforge
2026-09-02 18:43:45 [INFO]  | |____ ____) | |____    Problem/Feedback: Discord: https://discord.gg/rQV5JPauY7
2026-09-02 18:43:45 [INFO]   \_____|_____/ \_____|
2026-09-02 18:43:45 [INFO]                        
2026-09-02 18:43:45 [INFO] Security notice: Mod id whitelist mode is enabled. This feature restricts printing blocks from mods outside the whitelist to reduce the risk of blueprint vulnerabilities from unknown mods.
If the administrator already understands this security notice, disable the notice with: /csc notice whitelistid off
Control mod id whitelist mode: /csc mode whitelistid on|off
Open config/CSC/config.toml for more detailed configuration.
2026-09-02 21:29:57 [INFO] CSC close completely, thanks for using!
2026-09-03 18:22:51 [INFO] CSC is loading...   Success！
2026-09-03 18:27:05 [INFO]    _____  _____  _____ 
2026-09-03 18:27:05 [INFO]   / ____|/ ____|/ ____|
2026-09-03 18:27:05 [INFO]  | |    | (___ | |        [CSC] Version: v2.27.45
2026-09-03 18:27:05 [INFO]  | |     \___ \| |        Minecraft Version: 1.21.1 neoforge
2026-09-03 18:27:05 [INFO]  | |____ ____) | |____    Problem/Feedback: Discord: https://discord.gg/rQV5JPauY7
2026-09-03 18:27:05 [INFO]   \_____|_____/ \_____|
2026-09-03 18:27:05 [INFO]                        
2026-09-03 18:27:05 [INFO] Security notice: Mod id whitelist mode is enabled. This feature restricts printing blocks from mods outside the whitelist to reduce the risk of blueprint vulnerabilities from unknown mods.
If the administrator already understands this security notice, disable the notice with: /csc notice whitelistid off
Control mod id whitelist mode: /csc mode whitelistid on|off
Open config/CSC/config.toml for more detailed configuration.
2026-09-03 18:58:41 [INFO] CSC close completely, thanks for using!
2026-09-03 19:00:18 [INFO] CSC is loading...   Success！
2026-09-03 19:20:35 [INFO]    _____  _____  _____ 
2026-09-03 19:20:35 [INFO]   / ____|/ ____|/ ____|
2026-09-03 19:20:35 [INFO]  | |    | (___ | |        [CSC] Version: v2.27.45
2026-09-03 19:20:35 [INFO]  | |     \___ \| |        Minecraft Version: 1.21.1 neoforge
2026-09-03 19:20:35 [INFO]  | |____ ____) | |____    Problem/Feedback: Discord: https://discord.gg/rQV5JPauY7
2026-09-03 19:20:35 [INFO]   \_____|_____/ \_____|
2026-09-03 19:20:35 [INFO]                        
2026-09-03 19:20:35 [INFO] Security notice: Mod id whitelist mode is enabled. This feature restricts printing blocks from mods outside the whitelist to reduce the risk of blueprint vulnerabilities from unknown mods.
If the administrator already understands this security notice, disable the notice with: /csc notice whitelistid off
Control mod id whitelist mode: /csc mode whitelistid on|off
Open config/CSC/config.toml for more detailed configuration.
2026-09-03 19:38:52 [INFO] CSC close completely, thanks for using!
2026-09-03 19:39:04 [INFO]    _____  _____  _____ 
2026-09-03 19:39:04 [INFO]   / ____|/ ____|/ ____|
2026-09-03 19:39:04 [INFO]  | |    | (___ | |        [CSC] Version: v2.27.45
2026-09-03 19:39:04 [INFO]  | |     \___ \| |        Minecraft Version: 1.21.1 neoforge
2026-09-03 19:39:04 [INFO]  | |____ ____) | |____    Problem/Feedback: Discord: https://discord.gg/rQV5JPauY7
2026-09-03 19:39:04 [INFO]   \_____|_____/ \_____|
2026-09-03 19:39:04 [INFO]                        
2026-09-03 19:39:04 [INFO] Security notice: Mod id whitelist mode is enabled. This feature restricts printing blocks from mods outside the whitelist to reduce the risk of blueprint vulnerabilities from unknown mods.
If the administrator already understands this security notice, disable the notice with: /csc notice whitelistid off
Control mod id whitelist mode: /csc mode whitelistid on|off
Open config/CSC/config.toml for more detailed configuration.
2026-09-03 19:45:46 [INFO] CSC close completely, thanks for using!
2026-09-03 19:45:58 [INFO]    _____  _____  _____ 
2026-09-03 19:45:58 [INFO]   / ____|/ ____|/ ____|
2026-09-03 19:45:58 [INFO]  | |    | (___ | |        [CSC] Version: v2.27.45
2026-09-03 19:45:58 [INFO]  | |     \___ \| |        Minecraft Version: 1.21.1 neoforge
2026-09-03 19:45:58 [INFO]  | |____ ____) | |____    Problem/Feedback: Discord: https://discord.gg/rQV5JPauY7
2026-09-03 19:45:58 [INFO]   \_____|_____/ \_____|
2026-09-03 19:45:58 [INFO]                        
2026-09-03 19:45:58 [INFO] Security notice: Mod id whitelist mode is enabled. This feature restricts printing blocks from mods outside the whitelist to reduce the risk of blueprint vulnerabilities from unknown mods.
If the administrator already understands this security notice, disable the notice with: /csc notice whitelistid off
Control mod id whitelist mode: /csc mode whitelistid on|off
Open config/CSC/config.toml for more detailed configuration.
2026-09-03 21:48:49 [INFO] CSC close completely, thanks for using!
2026-09-04 20:11:23 [INFO] CSC is loading...   Success！
2026-09-04 20:15:09 [INFO]    _____  _____  _____ 
2026-09-04 20:15:09 [INFO]   / ____|/ ____|/ ____|
2026-09-04 20:15:09 [INFO]  | |    | (___ | |        [CSC] Version: v2.27.45
2026-09-04 20:15:09 [INFO]  | |     \___ \| |        Minecraft Version: 1.21.1 neoforge
2026-09-04 20:15:09 [INFO]  | |____ ____) | |____    Problem/Feedback: Discord: https://discord.gg/rQV5JPauY7
2026-09-04 20:15:09 [INFO]   \_____|_____/ \_____|
2026-09-04 20:15:09 [INFO]                        
2026-09-04 20:15:09 [INFO] Security notice: Mod id whitelist mode is enabled. This feature restricts printing blocks from mods outside the whitelist to reduce the risk of blueprint vulnerabilities from unknown mods.
If the administrator already understands this security notice, disable the notice with: /csc notice whitelistid off
Control mod id whitelist mode: /csc mode whitelistid on|off
Open config/CSC/config.toml for more detailed configuration.
2026-09-04 20:38:50 [INFO] CSC close completely, thanks for using!
2026-09-04 20:39:47 [INFO] CSC is loading...   Success！
2026-09-04 21:05:42 [INFO]    _____  _____  _____ 
2026-09-04 21:05:42 [INFO]   / ____|/ ____|/ ____|
2026-09-04 21:05:42 [INFO]  | |    | (___ | |        [CSC] Version: v2.27.45
2026-09-04 21:05:42 [INFO]  | |     \___ \| |        Minecraft Version: 1.21.1 neoforge
2026-09-04 21:05:42 [INFO]  | |____ ____) | |____    Problem/Feedback: Discord: https://discord.gg/rQV5JPauY7
2026-09-04 21:05:42 [INFO]   \_____|_____/ \_____|
2026-09-04 21:05:42 [INFO]                        
2026-09-04 21:05:42 [INFO] Security notice: Mod id whitelist mode is enabled. This feature restricts printing blocks from mods outside the whitelist to reduce the risk of blueprint vulnerabilities from unknown mods.
If the administrator already understands this security notice, disable the notice with: /csc notice whitelistid off
Control mod id whitelist mode: /csc mode whitelistid on|off
Open config/CSC/config.toml for more detailed configuration.
2026-09-05 09:44:48 [INFO] CSC is loading...   Success！
2026-09-05 09:45:52 [INFO]    _____  _____  _____ 
2026-09-05 09:45:52 [INFO]   / ____|/ ____|/ ____|
2026-09-05 09:45:52 [INFO]  | |    | (___ | |        [CSC] Version: v2.27.45
2026-09-05 09:45:52 [INFO]  | |     \___ \| |        Minecraft Version: 1.21.1 neoforge
2026-09-05 09:45:52 [INFO]  | |____ ____) | |____    Problem/Feedback: Discord: https://discord.gg/rQV5JPauY7
2026-09-05 09:45:52 [INFO]   \_____|_____/ \_____|
2026-09-05 09:45:52 [INFO]                        
2026-09-05 09:45:52 [INFO] Security notice: Mod id whitelist mode is enabled. This feature restricts printing blocks from mods outside the whitelist to reduce the risk of blueprint vulnerabilities from unknown mods.
If the administrator already understands this security notice, disable the notice with: /csc notice whitelistid off
Control mod id whitelist mode: /csc mode whitelistid on|off
Open config/CSC/config.toml for more detailed configuration.
2026-09-05 11:12:24 [INFO] CSC close completely, thanks for using!
2026-09-05 11:13:23 [INFO] CSC is loading...   Success！
2026-09-05 11:14:24 [INFO]    _____  _____  _____ 
2026-09-05 11:14:24 [INFO]   / ____|/ ____|/ ____|
2026-09-05 11:14:24 [INFO]  | |    | (___ | |        [CSC] Version: v2.27.45
2026-09-05 11:14:24 [INFO]  | |     \___ \| |        Minecraft Version: 1.21.1 neoforge
2026-09-05 11:14:24 [INFO]  | |____ ____) | |____    Problem/Feedback: Discord: https://discord.gg/rQV5JPauY7
2026-09-05 11:14:24 [INFO]   \_____|_____/ \_____|
2026-09-05 11:14:24 [INFO]                        
2026-09-05 11:14:24 [INFO] Security notice: Mod id whitelist mode is enabled. This feature restricts printing blocks from mods outside the whitelist to reduce the risk of blueprint vulnerabilities from unknown mods.
If the administrator already understands this security notice, disable the notice with: /csc notice whitelistid off
Control mod id whitelist mode: /csc mode whitelistid on|off
Open config/CSC/config.toml for more detailed configuration.
2026-09-05 12:46:00 [INFO] CSC is loading...   Success！
2026-09-05 12:46:58 [INFO]    _____  _____  _____ 
2026-09-05 12:46:58 [INFO]   / ____|/ ____|/ ____|
2026-09-05 12:46:58 [INFO]  | |    | (___ | |        [CSC] Version: v2.27.45
2026-09-05 12:46:58 [INFO]  | |     \___ \| |        Minecraft Version: 1.21.1 neoforge
2026-09-05 12:46:58 [INFO]  | |____ ____) | |____    Problem/Feedback: Discord: https://discord.gg/rQV5JPauY7
2026-09-05 12:46:58 [INFO]   \_____|_____/ \_____|
2026-09-05 12:46:58 [INFO]                        
2026-09-05 12:46:58 [INFO] Security notice: Mod id whitelist mode is enabled. This feature restricts printing blocks from mods outside the whitelist to reduce the risk of blueprint vulnerabilities from unknown mods.
If the administrator already understands this security notice, disable the notice with: /csc notice whitelistid off
Control mod id whitelist mode: /csc mode whitelistid on|off
Open config/CSC/config.toml for more detailed configuration.
2026-09-05 20:48:22 [INFO] CSC close completely, thanks for using!
2026-09-05 20:48:34 [INFO]    _____  _____  _____ 
2026-09-05 20:48:34 [INFO]   / ____|/ ____|/ ____|
2026-09-05 20:48:34 [INFO]  | |    | (___ | |        [CSC] Version: v2.27.45
2026-09-05 20:48:34 [INFO]  | |     \___ \| |        Minecraft Version: 1.21.1 neoforge
2026-09-05 20:48:34 [INFO]  | |____ ____) | |____    Problem/Feedback: Discord: https://discord.gg/rQV5JPauY7
2026-09-05 20:48:34 [INFO]   \_____|_____/ \_____|
2026-09-05 20:48:34 [INFO]                        
2026-09-05 20:48:34 [INFO] Security notice: Mod id whitelist mode is enabled. This feature restricts printing blocks from mods outside the whitelist to reduce the risk of blueprint vulnerabilities from unknown mods.
If the administrator already understands this security notice, disable the notice with: /csc notice whitelistid off
Control mod id whitelist mode: /csc mode whitelistid on|off
Open config/CSC/config.toml for more detailed configuration.
2026-09-05 20:49:50 [INFO] CSC close completely, thanks for using!
2026-09-05 20:53:19 [INFO] CSC is loading...   Success！
2026-09-05 20:54:20 [INFO]    _____  _____  _____ 
2026-09-05 20:54:20 [INFO]   / ____|/ ____|/ ____|
2026-09-05 20:54:20 [INFO]  | |    | (___ | |        [CSC] Version: v2.27.45
2026-09-05 20:54:20 [INFO]  | |     \___ \| |        Minecraft Version: 1.21.1 neoforge
2026-09-05 20:54:20 [INFO]  | |____ ____) | |____    Problem/Feedback: Discord: https://discord.gg/rQV5JPauY7
2026-09-05 20:54:20 [INFO]   \_____|_____/ \_____|
2026-09-05 20:54:20 [INFO]                        
2026-09-05 20:54:20 [INFO] Security notice: Mod id whitelist mode is enabled. This feature restricts printing blocks from mods outside the whitelist to reduce the risk of blueprint vulnerabilities from unknown mods.
If the administrator already understands this security notice, disable the notice with: /csc notice whitelistid off
Control mod id whitelist mode: /csc mode whitelistid on|off
Open config/CSC/config.toml for more detailed configuration.
2026-09-05 20:54:40 [INFO] CSC close completely, thanks for using!
2026-09-05 20:54:54 [INFO]    _____  _____  _____ 
2026-09-05 20:54:54 [INFO]   / ____|/ ____|/ ____|
2026-09-05 20:54:54 [INFO]  | |    | (___ | |        [CSC] Version: v2.27.45
2026-09-05 20:54:54 [INFO]  | |     \___ \| |        Minecraft Version: 1.21.1 neoforge
2026-09-05 20:54:54 [INFO]  | |____ ____) | |____    Problem/Feedback: Discord: https://discord.gg/rQV5JPauY7
2026-09-05 20:54:54 [INFO]   \_____|_____/ \_____|
2026-09-05 20:54:54 [INFO]                        
2026-09-05 20:54:54 [INFO] Security notice: Mod id whitelist mode is enabled. This feature restricts printing blocks from mods outside the whitelist to reduce the risk of blueprint vulnerabilities from unknown mods.
If the administrator already understands this security notice, disable the notice with: /csc notice whitelistid off
Control mod id whitelist mode: /csc mode whitelistid on|off
Open config/CSC/config.toml for more detailed configuration.
2026-09-05 21:49:04 [INFO] CSC close completely, thanks for using!
2026-09-05 21:49:19 [INFO]    _____  _____  _____ 
2026-09-05 21:49:19 [INFO]   / ____|/ ____|/ ____|
2026-09-05 21:49:19 [INFO]  | |    | (___ | |        [CSC] Version: v2.27.45
2026-09-05 21:49:19 [INFO]  | |     \___ \| |        Minecraft Version: 1.21.1 neoforge
2026-09-05 21:49:19 [INFO]  | |____ ____) | |____    Problem/Feedback: Discord: https://discord.gg/rQV5JPauY7
2026-09-05 21:49:19 [INFO]   \_____|_____/ \_____|
2026-09-05 21:49:19 [INFO]                        
2026-09-05 21:49:19 [INFO] Security notice: Mod id whitelist mode is enabled. This feature restricts printing blocks from mods outside the whitelist to reduce the risk of blueprint vulnerabilities from unknown mods.
If the administrator already understands this security notice, disable the notice with: /csc notice whitelistid off
Control mod id whitelist mode: /csc mode whitelistid on|off
Open config/CSC/config.toml for more detailed configuration.
2026-09-05 21:50:43 [INFO] CSC close completely, thanks for using!
2026-09-05 21:51:36 [INFO]    _____  _____  _____ 
2026-09-05 21:51:36 [INFO]   / ____|/ ____|/ ____|
2026-09-05 21:51:36 [INFO]  | |    | (___ | |        [CSC] Version: v2.27.45
2026-09-05 21:51:36 [INFO]  | |     \___ \| |        Minecraft Version: 1.21.1 neoforge
2026-09-05 21:51:36 [INFO]  | |____ ____) | |____    Problem/Feedback: Discord: https://discord.gg/rQV5JPauY7
2026-09-05 21:51:36 [INFO]   \_____|_____/ \_____|
2026-09-05 21:51:36 [INFO]                        
2026-09-05 21:51:36 [INFO] Security notice: Mod id whitelist mode is enabled. This feature restricts printing blocks from mods outside the whitelist to reduce the risk of blueprint vulnerabilities from unknown mods.
If the administrator already understands this security notice, disable the notice with: /csc notice whitelistid off
Control mod id whitelist mode: /csc mode whitelistid on|off
Open config/CSC/config.toml for more detailed configuration.
2026-09-06 00:20:24 [INFO] CSC close completely, thanks for using!
2026-09-06 00:28:25 [INFO] CSC is loading...   Success！
2026-09-06 00:31:16 [INFO]    _____  _____  _____ 
2026-09-06 00:31:16 [INFO]   / ____|/ ____|/ ____|
2026-09-06 00:31:16 [INFO]  | |    | (___ | |        [CSC] Version: v2.27.45
2026-09-06 00:31:16 [INFO]  | |     \___ \| |        Minecraft Version: 1.21.1 neoforge
2026-09-06 00:31:16 [INFO]  | |____ ____) | |____    Problem/Feedback: Discord: https://discord.gg/rQV5JPauY7
2026-09-06 00:31:16 [INFO]   \_____|_____/ \_____|
2026-09-06 00:31:16 [INFO]                        
2026-09-06 00:31:16 [INFO] Security notice: Mod id whitelist mode is enabled. This feature restricts printing blocks from mods outside the whitelist to reduce the risk of blueprint vulnerabilities from unknown mods.
If the administrator already understands this security notice, disable the notice with: /csc notice whitelistid off
Control mod id whitelist mode: /csc mode whitelistid on|off
Open config/CSC/config.toml for more detailed configuration.
2026-09-06 00:32:43 [INFO]  Reloading configuration--
2026-09-06 00:32:43 [INFO]  Configuration loaded
2026-09-06 00:32:56 [INFO] CSC close completely, thanks for using!
2026-09-06 00:33:10 [INFO]    _____  _____  _____ 
2026-09-06 00:33:10 [INFO]   / ____|/ ____|/ ____|
2026-09-06 00:33:10 [INFO]  | |    | (___ | |        [CSC] Version: v2.27.45
2026-09-06 00:33:10 [INFO]  | |     \___ \| |        Minecraft Version: 1.21.1 neoforge
2026-09-06 00:33:10 [INFO]  | |____ ____) | |____    Problem/Feedback: Discord: https://discord.gg/rQV5JPauY7
2026-09-06 00:33:10 [INFO]   \_____|_____/ \_____|
2026-09-06 00:33:10 [INFO]                        
2026-09-06 00:35:31 [INFO] CSC close completely, thanks for using!
2026-09-06 00:45:20 [INFO] CSC is loading...   Success！
2026-09-06 00:55:23 [INFO] CSC is loading...   Success！
2026-09-06 00:56:15 [INFO]    _____  _____  _____ 
2026-09-06 00:56:15 [INFO]   / ____|/ ____|/ ____|
2026-09-06 00:56:15 [INFO]  | |    | (___ | |        [CSC] Version: v2.27.45
2026-09-06 00:56:15 [INFO]  | |     \___ \| |        Minecraft Version: 1.21.1 neoforge
2026-09-06 00:56:15 [INFO]  | |____ ____) | |____    Problem/Feedback: Discord: https://discord.gg/rQV5JPauY7
2026-09-06 00:56:15 [INFO]   \_____|_____/ \_____|
2026-09-06 00:56:15 [INFO]                        
2026-09-06 00:57:14 [INFO] CSC close completely, thanks for using!
2026-09-06 17:23:52 [INFO] CSC is loading...   Success！
2026-09-06 17:24:41 [INFO]    _____  _____  _____ 
2026-09-06 17:24:41 [INFO]   / ____|/ ____|/ ____|
2026-09-06 17:24:41 [INFO]  | |    | (___ | |        [CSC] Version: v2.27.45
2026-09-06 17:24:41 [INFO]  | |     \___ \| |        Minecraft Version: 1.21.1 neoforge
2026-09-06 17:24:41 [INFO]  | |____ ____) | |____    Problem/Feedback: Discord: https://discord.gg/rQV5JPauY7
2026-09-06 17:24:41 [INFO]   \_____|_____/ \_____|
2026-09-06 17:24:41 [INFO]                        
2026-09-06 17:36:54 [INFO] CSC close completely, thanks for using!
2026-09-06 18:26:50 [INFO] CSC is loading...   Success！
2026-09-06 18:30:49 [INFO]    _____  _____  _____ 
2026-09-06 18:30:49 [INFO]   / ____|/ ____|/ ____|
2026-09-06 18:30:49 [INFO]  | |    | (___ | |        [CSC] Version: v2.27.45
2026-09-06 18:30:49 [INFO]  | |     \___ \| |        Minecraft Version: 1.21.1 neoforge
2026-09-06 18:30:49 [INFO]  | |____ ____) | |____    Problem/Feedback: Discord: https://discord.gg/rQV5JPauY7
2026-09-06 18:30:49 [INFO]   \_____|_____/ \_____|
2026-09-06 18:30:49 [INFO]                        
2026-09-07 01:03:41 [INFO] CSC close completely, thanks for using!
2026-09-07 18:49:08 [INFO] CSC is loading...   Success！
2026-09-07 18:50:19 [INFO]    _____  _____  _____ 
2026-09-07 18:50:19 [INFO]   / ____|/ ____|/ ____|
2026-09-07 18:50:19 [INFO]  | |    | (___ | |        [CSC] Version: v2.27.45
2026-09-07 18:50:19 [INFO]  | |     \___ \| |        Minecraft Version: 1.21.1 neoforge
2026-09-07 18:50:19 [INFO]  | |____ ____) | |____    Problem/Feedback: Discord: https://discord.gg/rQV5JPauY7
2026-09-07 18:50:19 [INFO]   \_____|_____/ \_____|
2026-09-07 18:50:19 [INFO]                        
2026-09-07 18:50:52 [INFO] CSC close completely, thanks for using!
2026-09-07 18:51:08 [INFO]    _____  _____  _____ 
2026-09-07 18:51:08 [INFO]   / ____|/ ____|/ ____|
2026-09-07 18:51:08 [INFO]  | |    | (___ | |        [CSC] Version: v2.27.45
2026-09-07 18:51:08 [INFO]  | |     \___ \| |        Minecraft Version: 1.21.1 neoforge
2026-09-07 18:51:08 [INFO]  | |____ ____) | |____    Problem/Feedback: Discord: https://discord.gg/rQV5JPauY7
2026-09-07 18:51:08 [INFO]   \_____|_____/ \_____|
2026-09-07 18:51:08 [INFO]                        
2026-09-07 18:51:20 [INFO] CSC close completely, thanks for using!
2026-09-07 18:51:37 [INFO]    _____  _____  _____ 
2026-09-07 18:51:37 [INFO]   / ____|/ ____|/ ____|
2026-09-07 18:51:37 [INFO]  | |    | (___ | |        [CSC] Version: v2.27.45
2026-09-07 18:51:37 [INFO]  | |     \___ \| |        Minecraft Version: 1.21.1 neoforge
2026-09-07 18:51:37 [INFO]  | |____ ____) | |____    Problem/Feedback: Discord: https://discord.gg/rQV5JPauY7
2026-09-07 18:51:37 [INFO]   \_____|_____/ \_____|
2026-09-07 18:51:37 [INFO]                        
2026-09-07 22:03:05 [INFO] CSC close completely, thanks for using!
2026-09-07 22:03:19 [INFO]    _____  _____  _____ 
2026-09-07 22:03:19 [INFO]   / ____|/ ____|/ ____|
2026-09-07 22:03:19 [INFO]  | |    | (___ | |        [CSC] Version: v2.27.45
2026-09-07 22:03:19 [INFO]  | |     \___ \| |        Minecraft Version: 1.21.1 neoforge
2026-09-07 22:03:19 [INFO]  | |____ ____) | |____    Problem/Feedback: Discord: https://discord.gg/rQV5JPauY7
2026-09-07 22:03:19 [INFO]   \_____|_____/ \_____|
2026-09-07 22:03:19 [INFO]                        
2026-09-07 23:56:23 [INFO] CSC close completely, thanks for using!
2026-09-09 19:00:40 [INFO] CSC is loading...   Success！
2026-09-09 19:03:24 [INFO]    _____  _____  _____ 
2026-09-09 19:03:24 [INFO]   / ____|/ ____|/ ____|
2026-09-09 19:03:24 [INFO]  | |    | (___ | |        [CSC] Version: v2.27.45
2026-09-09 19:03:24 [INFO]  | |     \___ \| |        Minecraft Version: 1.21.1 neoforge
2026-09-09 19:03:24 [INFO]  | |____ ____) | |____    Problem/Feedback: Discord: https://discord.gg/rQV5JPauY7
2026-09-09 19:03:24 [INFO]   \_____|_____/ \_____|
2026-09-09 19:03:24 [INFO]                        
2026-09-09 22:05:23 [INFO] CSC close completely, thanks for using!
2026-09-10 18:44:00 [INFO] CSC is loading...   Success！
2026-09-10 18:46:45 [INFO]    _____  _____  _____ 
2026-09-10 18:46:45 [INFO]   / ____|/ ____|/ ____|
2026-09-10 18:46:45 [INFO]  | |    | (___ | |        [CSC] Version: v2.27.45
2026-09-10 18:46:45 [INFO]  | |     \___ \| |        Minecraft Version: 1.21.1 neoforge
2026-09-10 18:46:45 [INFO]  | |____ ____) | |____    Problem/Feedback: Discord: https://discord.gg/rQV5JPauY7
2026-09-10 18:46:45 [INFO]   \_____|_____/ \_____|
2026-09-10 18:46:45 [INFO]                        
2026-09-10 21:04:23 [INFO] CSC close completely, thanks for using!
2026-09-10 21:04:37 [INFO]    _____  _____  _____ 
2026-09-10 21:04:37 [INFO]   / ____|/ ____|/ ____|
2026-09-10 21:04:37 [INFO]  | |    | (___ | |        [CSC] Version: v2.27.45
2026-09-10 21:04:37 [INFO]  | |     \___ \| |        Minecraft Version: 1.21.1 neoforge
2026-09-10 21:04:37 [INFO]  | |____ ____) | |____    Problem/Feedback: Discord: https://discord.gg/rQV5JPauY7
2026-09-10 21:04:37 [INFO]   \_____|_____/ \_____|
2026-09-10 21:04:37 [INFO]                        
2026-09-10 21:18:57 [INFO] thread run！goal =》./schematics/uploaded/VonlklLz/Sborchik_3Х3.nbt
2026-09-10 21:18:57 [INFO] Meow, output schematic item list!
2026-09-10 21:18:57 [INFO] ID: create:mechanical_crafter, Count: 9
2026-09-10 21:18:57 [INFO] bibi~ scan success time consume：77 ms
2026-09-10 21:20:20 [INFO] thread run！goal =》./schematics/uploaded/VonlklLz/Sborchik_3Х3.nbt
2026-09-10 21:20:20 [INFO] Meow, output schematic item list!
2026-09-10 21:20:20 [INFO] ID: create:mechanical_crafter, Count: 9
2026-09-10 21:20:20 [INFO] bibi~ scan success time consume：7 ms
2026-09-10 21:26:58 [INFO] thread run！goal =》./schematics/uploaded/VonlklLz/Sborchik_3x3_2.nbt
2026-09-10 21:26:58 [INFO] Meow, output schematic item list!
2026-09-10 21:26:58 [INFO] ID: create:mechanical_crafter, Count: 9
2026-09-10 21:26:58 [INFO] bibi~ scan success time consume：12 ms
2026-09-10 21:27:51 [INFO] thread run！goal =》./schematics/uploaded/VonlklLz/Sborchik_3x3_2.nbt
2026-09-10 21:27:51 [INFO] Meow, output schematic item list!
2026-09-10 21:27:51 [INFO] ID: create:mechanical_crafter, Count: 9
2026-09-10 21:27:51 [INFO] bibi~ scan success time consume：6 ms
2026-09-10 21:28:00 [INFO] thread run！goal =》./schematics/uploaded/VonlklLz/Sborchik_3x3_2.nbt
2026-09-10 21:28:00 [INFO] Meow, output schematic item list!
2026-09-10 21:28:00 [INFO] ID: create:mechanical_crafter, Count: 9
2026-09-10 21:28:00 [INFO] bibi~ scan success time consume：12 ms
2026-09-10 23:02:30 [INFO] CSC close completely, thanks for using!
2026-09-11 20:02:20 [INFO] CSC is loading...   Success！
2026-09-11 23:49:59 [INFO] CSC is loading...   Success！
2026-09-11 23:51:41 [INFO] CSC is loading...   Success！
2026-09-12 00:17:14 [INFO]    _____  _____  _____ 
2026-09-12 00:17:14 [INFO]   / ____|/ ____|/ ____|
2026-09-12 00:17:14 [INFO]  | |    | (___ | |        [CSC] Version: v2.27.45
2026-09-12 00:17:14 [INFO]  | |     \___ \| |        Minecraft Version: 1.21.1 neoforge
2026-09-12 00:17:14 [INFO]  | |____ ____) | |____    Problem/Feedback: Discord: https://discord.gg/rQV5JPauY7
2026-09-12 00:17:14 [INFO]   \_____|_____/ \_____|
2026-09-12 00:17:14 [INFO]                        
2026-09-12 00:56:48 [INFO] CSC close completely, thanks for using!
2026-09-12 00:57:26 [INFO]    _____  _____  _____ 
2026-09-12 00:57:26 [INFO]   / ____|/ ____|/ ____|
2026-09-12 00:57:26 [INFO]  | |    | (___ | |        [CSC] Version: v2.27.45
2026-09-12 00:57:26 [INFO]  | |     \___ \| |        Minecraft Version: 1.21.1 neoforge
2026-09-12 00:57:26 [INFO]  | |____ ____) | |____    Problem/Feedback: Discord: https://discord.gg/rQV5JPauY7
2026-09-12 00:57:26 [INFO]   \_____|_____/ \_____|
2026-09-12 00:57:26 [INFO]                        
2026-09-12 01:14:26 [INFO] CSC close completely, thanks for using!
2026-09-12 12:30:15 [INFO] CSC is loading...   Success！
2026-09-12 12:31:34 [INFO]    _____  _____  _____ 
2026-09-12 12:31:34 [INFO]   / ____|/ ____|/ ____|
2026-09-12 12:31:34 [INFO]  | |    | (___ | |        [CSC] Version: v2.27.45
2026-09-12 12:31:34 [INFO]  | |     \___ \| |        Minecraft Version: 1.21.1 neoforge
2026-09-12 12:31:34 [INFO]  | |____ ____) | |____    Problem/Feedback: Discord: https://discord.gg/rQV5JPauY7
2026-09-12 12:31:34 [INFO]   \_____|_____/ \_____|
2026-09-12 12:31:34 [INFO]                        
2026-09-12 12:54:35 [INFO] CSC close completely, thanks for using!
2026-09-12 12:56:06 [INFO] CSC is loading...   Success！
2026-09-12 12:57:03 [INFO]    _____  _____  _____ 
2026-09-12 12:57:03 [INFO]   / ____|/ ____|/ ____|
2026-09-12 12:57:03 [INFO]  | |    | (___ | |        [CSC] Version: v2.27.45
2026-09-12 12:57:03 [INFO]  | |     \___ \| |        Minecraft Version: 1.21.1 neoforge
2026-09-12 12:57:03 [INFO]  | |____ ____) | |____    Problem/Feedback: Discord: https://discord.gg/rQV5JPauY7
2026-09-12 12:57:03 [INFO]   \_____|_____/ \_____|
2026-09-12 12:57:03 [INFO]                        
2026-09-12 14:49:39 [INFO] CSC close completely, thanks for using!
2026-09-12 15:23:29 [INFO] CSC is loading...   Success！
2026-09-12 17:17:07 [INFO] CSC is loading...   Success！
2026-09-12 17:46:13 [INFO]    _____  _____  _____ 
2026-09-12 17:46:13 [INFO]   / ____|/ ____|/ ____|
2026-09-12 17:46:13 [INFO]  | |    | (___ | |        [CSC] Version: v2.27.45
2026-09-12 17:46:13 [INFO]  | |     \___ \| |        Minecraft Version: 1.21.1 neoforge
2026-09-12 17:46:13 [INFO]  | |____ ____) | |____    Problem/Feedback: Discord: https://discord.gg/rQV5JPauY7
2026-09-12 17:46:13 [INFO]   \_____|_____/ \_____|
2026-09-12 17:46:13 [INFO]                        
2026-09-12 18:49:35 [INFO] CSC close completely, thanks for using!
2026-09-12 19:58:21 [INFO] CSC is loading...   Success！
2026-09-12 19:59:54 [INFO]    _____  _____  _____ 
2026-09-12 19:59:54 [INFO]   / ____|/ ____|/ ____|
2026-09-12 19:59:54 [INFO]  | |    | (___ | |        [CSC] Version: v2.27.45
2026-09-12 19:59:54 [INFO]  | |     \___ \| |        Minecraft Version: 1.21.1 neoforge
2026-09-12 19:59:54 [INFO]  | |____ ____) | |____    Problem/Feedback: Discord: https://discord.gg/rQV5JPauY7
2026-09-12 19:59:54 [INFO]   \_____|_____/ \_____|
2026-09-12 19:59:54 [INFO]                        
2026-09-12 22:20:12 [INFO] thread run！goal =》./schematics/uploaded/VonlklLz/Torch.nbt
2026-09-12 22:20:12 [INFO] Meow, output schematic item list!
2026-09-12 22:20:12 [INFO] ID: minecraft:torch, Count: 5
2026-09-12 22:20:12 [INFO] bibi~ scan success time consume：58 ms
2026-09-12 22:20:58 [INFO] thread run！goal =》./schematics/uploaded/VonlklLz/Torch.nbt
2026-09-12 22:20:58 [INFO] Meow, output schematic item list!
2026-09-12 22:20:58 [INFO] ID: minecraft:torch, Count: 5
2026-09-12 22:20:58 [INFO] bibi~ scan success time consume：3 ms
2026-09-12 22:22:03 [INFO] thread run！goal =》./schematics/uploaded/VonlklLz/Torch.nbt
2026-09-12 22:22:03 [INFO] Meow, output schematic item list!
2026-09-12 22:22:03 [INFO] ID: minecraft:torch, Count: 5
2026-09-12 22:22:03 [INFO] bibi~ scan success time consume：4 ms
2026-09-12 22:22:33 [INFO] thread run！goal =》./schematics/uploaded/VonlklLz/Torch.nbt
2026-09-12 22:22:33 [INFO] Meow, output schematic item list!
2026-09-12 22:22:33 [INFO] ID: minecraft:torch, Count: 5
2026-09-12 22:22:33 [INFO] bibi~ scan success time consume：3 ms
2026-09-12 22:22:57 [INFO] thread run！goal =》./schematics/uploaded/VonlklLz/Torch.nbt
2026-09-12 22:22:57 [INFO] Meow, output schematic item list!
2026-09-12 22:22:57 [INFO] ID: minecraft:torch, Count: 5
2026-09-12 22:22:57 [INFO] bibi~ scan success time consume：4 ms
2026-09-12 22:23:12 [INFO] thread run！goal =》./schematics/uploaded/VonlklLz/Torch.nbt
2026-09-12 22:23:12 [INFO] Meow, output schematic item list!
2026-09-12 22:23:12 [INFO] ID: minecraft:torch, Count: 5
2026-09-12 22:23:12 [INFO] bibi~ scan success time consume：3 ms
2026-09-12 22:25:23 [INFO] thread run！goal =》./schematics/uploaded/VonlklLz/Torch2.nbt
2026-09-12 22:25:23 [INFO] Meow, output schematic item list!
2026-09-12 22:25:23 [INFO] ID: minecraft:torch, Count: 13
2026-09-12 22:25:23 [INFO] bibi~ scan success time consume：3 ms
2026-09-12 22:25:55 [INFO] thread run！goal =》./schematics/uploaded/VonlklLz/Torch2.nbt
2026-09-12 22:25:55 [INFO] Meow, output schematic item list!
2026-09-12 22:25:55 [INFO] ID: minecraft:torch, Count: 13
2026-09-12 22:25:55 [INFO] bibi~ scan success time consume：3 ms
2026-09-12 22:26:47 [INFO] thread run！goal =》./schematics/uploaded/VonlklLz/Torch2.nbt
2026-09-12 22:26:47 [INFO] Meow, output schematic item list!
2026-09-12 22:26:47 [INFO] ID: minecraft:torch, Count: 13
2026-09-12 22:26:47 [INFO] bibi~ scan success time consume：4 ms
2026-09-13 00:53:34 [INFO] CSC close completely, thanks for using!
2026-09-13 00:53:48 [INFO]    _____  _____  _____ 
2026-09-13 00:53:48 [INFO]   / ____|/ ____|/ ____|
2026-09-13 00:53:48 [INFO]  | |    | (___ | |        [CSC] Version: v2.27.45
2026-09-13 00:53:48 [INFO]  | |     \___ \| |        Minecraft Version: 1.21.1 neoforge
2026-09-13 00:53:48 [INFO]  | |____ ____) | |____    Problem/Feedback: Discord: https://discord.gg/rQV5JPauY7
2026-09-13 00:53:48 [INFO]   \_____|_____/ \_____|
2026-09-13 00:53:48 [INFO]                        
2026-09-13 02:31:40 [INFO] thread run！goal =》./schematics/uploaded/VonlklLz/Sborchik_3х3_1.nbt
2026-09-13 02:31:40 [WARN] Invalid chain conveyor connection found. controller=[4, 3, 3], destination=[1, 5, 6]
2026-09-13 02:31:40 [WARN] Matched invalid chain conveyor connection. controller=[4, 3, 3], connectionIndex=0, destination=[1, 5, 6]
2026-09-13 02:31:40 [WARN] Removed invalid chain conveyor connection. controller=[4, 3, 3], connectionIndex=0
2026-09-13 02:31:40 [INFO] Meow, output schematic item list!
2026-09-13 02:31:40 [INFO] ID: create:package_frogport, Count: 2
2026-09-13 02:31:40 [INFO] ID: minecraft:lever, Count: 4
2026-09-13 02:31:40 [INFO] ID: create:repackager, Count: 3
2026-09-13 02:31:40 [INFO] ID: minecraft:sign, Count: 1
2026-09-13 02:31:40 [INFO] ID: create:chain_conveyor, Count: 1
2026-09-13 02:31:40 [INFO] ID: create:belt, Count: 9
2026-09-13 02:31:40 [INFO] ID: create:item_vault, Count: 6
2026-09-13 02:31:40 [INFO] ID: create:brass_tunnel, Count: 3
2026-09-13 02:31:40 [INFO] ID: create:chute, Count: 2
2026-09-13 02:31:40 [INFO] ID: create:gearbox, Count: 4
2026-09-13 02:31:40 [INFO] ID: create:encased_shaft, Count: 1
2026-09-13 02:31:40 [INFO] ID: create:packager, Count: 4
2026-09-13 02:31:40 [INFO] ID: create:mechanical_crafter, Count: 27
2026-09-13 02:31:40 [INFO] ID: create:encased_cogwheel, Count: 5
2026-09-13 02:31:40 [INFO] ID: create:andesite_belt_funnel, Count: 6
2026-09-13 02:31:40 [INFO] bibi~ scan success time consume：84 ms
2026-09-13 02:31:56 [INFO] thread run！goal =》./schematics/uploaded/VonlklLz/Sborchik_3x3_2_1.nbt
2026-09-13 02:31:56 [WARN] Invalid chain conveyor connection found. controller=[4, 3, 3], destination=[1, 5, 6]
2026-09-13 02:31:56 [WARN] Matched invalid chain conveyor connection. controller=[4, 3, 3], connectionIndex=1, destination=[1, 5, 6]
2026-09-13 02:31:56 [WARN] Removed invalid chain conveyor connection. controller=[4, 3, 3], connectionIndex=1
2026-09-13 02:31:56 [INFO] Meow, output schematic item list!
2026-09-13 02:31:56 [INFO] ID: create:package_frogport, Count: 2
2026-09-13 02:31:56 [INFO] ID: minecraft:lever, Count: 4
2026-09-13 02:31:56 [INFO] ID: create:repackager, Count: 3
2026-09-13 02:31:56 [INFO] ID: minecraft:sign, Count: 1
2026-09-13 02:31:56 [INFO] ID: create:chain_conveyor, Count: 2
2026-09-13 02:31:56 [INFO] ID: create:belt, Count: 17
2026-09-13 02:31:56 [INFO] ID: create:item_vault, Count: 7
2026-09-13 02:31:56 [INFO] ID: create:brass_tunnel, Count: 3
2026-09-13 02:31:56 [INFO] ID: create:chute, Count: 2
2026-09-13 02:31:56 [INFO] ID: create:gearbox, Count: 4
2026-09-13 02:31:56 [INFO] ID: create:encased_shaft, Count: 1
2026-09-13 02:31:56 [INFO] ID: create:packager, Count: 4
2026-09-13 02:31:56 [INFO] ID: create:mechanical_crafter, Count: 27
2026-09-13 02:31:56 [INFO] ID: create:encased_cogwheel, Count: 5
2026-09-13 02:31:56 [INFO] ID: create:andesite_belt_funnel, Count: 10
2026-09-13 02:31:56 [INFO] bibi~ scan success time consume：34 ms
2026-09-13 02:32:07 [INFO] thread run！goal =》./schematics/uploaded/VonlklLz/Verstak_3x3_2.nbt
2026-09-13 02:32:07 [WARN] Invalid chain conveyor connection found. controller=[4, 3, 3], destination=[1, 5, 6]
2026-09-13 02:32:07 [WARN] Matched invalid chain conveyor connection. controller=[4, 3, 3], connectionIndex=1, destination=[1, 5, 6]
2026-09-13 02:32:07 [WARN] Removed invalid chain conveyor connection. controller=[4, 3, 3], connectionIndex=1
2026-09-13 02:32:07 [INFO] Meow, output schematic item list!
2026-09-13 02:32:07 [INFO] ID: create:package_frogport, Count: 2
2026-09-13 02:32:07 [INFO] ID: minecraft:lever, Count: 4
2026-09-13 02:32:07 [INFO] ID: create:repackager, Count: 3
2026-09-13 02:32:07 [INFO] ID: minecraft:sign, Count: 1
2026-09-13 02:32:07 [INFO] ID: create:chain_conveyor, Count: 2
2026-09-13 02:32:07 [INFO] ID: create:belt, Count: 17
2026-09-13 02:32:07 [INFO] ID: create:item_vault, Count: 7
2026-09-13 02:32:07 [INFO] ID: create:brass_tunnel, Count: 3
2026-09-13 02:32:07 [INFO] ID: create:chute, Count: 2
2026-09-13 02:32:07 [INFO] ID: create:gearbox, Count: 4
2026-09-13 02:32:07 [INFO] ID: create:encased_shaft, Count: 1
2026-09-13 02:32:07 [INFO] ID: create:packager, Count: 4
2026-09-13 02:32:07 [INFO] ID: create:mechanical_crafter, Count: 27
2026-09-13 02:32:07 [INFO] ID: create:encased_cogwheel, Count: 5
2026-09-13 02:32:07 [INFO] ID: create:andesite_belt_funnel, Count: 10
2026-09-13 02:32:07 [INFO] bibi~ scan success time consume：33 ms
2026-09-13 02:32:18 [INFO] thread run！goal =》./schematics/uploaded/VonlklLz/Sborchik_3х3_1.nbt
2026-09-13 02:32:18 [WARN] Invalid chain conveyor connection found. controller=[4, 3, 3], destination=[1, 5, 6]
2026-09-13 02:32:18 [WARN] Matched invalid chain conveyor connection. controller=[4, 3, 3], connectionIndex=0, destination=[1, 5, 6]
2026-09-13 02:32:18 [WARN] Removed invalid chain conveyor connection. controller=[4, 3, 3], connectionIndex=0
2026-09-13 02:32:18 [INFO] Meow, output schematic item list!
2026-09-13 02:32:18 [INFO] ID: create:package_frogport, Count: 2
2026-09-13 02:32:18 [INFO] ID: minecraft:lever, Count: 4
2026-09-13 02:32:18 [INFO] ID: create:repackager, Count: 3
2026-09-13 02:32:18 [INFO] ID: minecraft:sign, Count: 1
2026-09-13 02:32:18 [INFO] ID: create:chain_conveyor, Count: 1
2026-09-13 02:32:18 [INFO] ID: create:belt, Count: 9
2026-09-13 02:32:18 [INFO] ID: create:item_vault, Count: 6
2026-09-13 02:32:18 [INFO] ID: create:brass_tunnel, Count: 3
2026-09-13 02:32:18 [INFO] ID: create:chute, Count: 2
2026-09-13 02:32:18 [INFO] ID: create:gearbox, Count: 4
2026-09-13 02:32:18 [INFO] ID: create:encased_shaft, Count: 1
2026-09-13 02:32:18 [INFO] ID: create:packager, Count: 4
2026-09-13 02:32:18 [INFO] ID: create:mechanical_crafter, Count: 27
2026-09-13 02:32:18 [INFO] ID: create:encased_cogwheel, Count: 5
2026-09-13 02:32:18 [INFO] ID: create:andesite_belt_funnel, Count: 6
2026-09-13 02:32:18 [INFO] bibi~ scan success time consume：25 ms
2026-09-13 02:32:26 [INFO] thread run！goal =》./schematics/uploaded/VonlklLz/Sborchik_3х3_1.nbt
2026-09-13 02:32:26 [WARN] Invalid chain conveyor connection found. controller=[4, 3, 3], destination=[1, 5, 6]
2026-09-13 02:32:26 [WARN] Matched invalid chain conveyor connection. controller=[4, 3, 3], connectionIndex=0, destination=[1, 5, 6]
2026-09-13 02:32:26 [WARN] Removed invalid chain conveyor connection. controller=[4, 3, 3], connectionIndex=0
2026-09-13 02:32:26 [INFO] Meow, output schematic item list!
2026-09-13 02:32:26 [INFO] ID: create:package_frogport, Count: 2
2026-09-13 02:32:26 [INFO] ID: minecraft:lever, Count: 4
2026-09-13 02:32:26 [INFO] ID: create:repackager, Count: 3
2026-09-13 02:32:26 [INFO] ID: minecraft:sign, Count: 1
2026-09-13 02:32:26 [INFO] ID: create:chain_conveyor, Count: 1
2026-09-13 02:32:26 [INFO] ID: create:belt, Count: 9
2026-09-13 02:32:26 [INFO] ID: create:item_vault, Count: 6
2026-09-13 02:32:26 [INFO] ID: create:brass_tunnel, Count: 3
2026-09-13 02:32:26 [INFO] ID: create:chute, Count: 2
2026-09-13 02:32:26 [INFO] ID: create:gearbox, Count: 4
2026-09-13 02:32:26 [INFO] ID: create:encased_shaft, Count: 1
2026-09-13 02:32:26 [INFO] ID: create:packager, Count: 4
2026-09-13 02:32:26 [INFO] ID: create:mechanical_crafter, Count: 27
2026-09-13 02:32:26 [INFO] ID: create:encased_cogwheel, Count: 5
2026-09-13 02:32:26 [INFO] ID: create:andesite_belt_funnel, Count: 6
2026-09-13 02:32:26 [INFO] bibi~ scan success time consume：22 ms
2026-09-13 02:32:31 [INFO] thread run！goal =》./schematics/uploaded/VonlklLz/Sborchik_3Х3.nbt
2026-09-13 02:32:31 [INFO] Meow, output schematic item list!
2026-09-13 02:32:31 [INFO] ID: create:mechanical_crafter, Count: 9
2026-09-13 02:32:31 [INFO] bibi~ scan success time consume：5 ms
2026-09-13 02:32:41 [INFO] thread run！goal =》./schematics/uploaded/VonlklLz/Sborchik_3х3_1.nbt
2026-09-13 02:32:41 [WARN] Invalid chain conveyor connection found. controller=[4, 3, 3], destination=[1, 5, 6]
2026-09-13 02:32:41 [WARN] Matched invalid chain conveyor connection. controller=[4, 3, 3], connectionIndex=0, destination=[1, 5, 6]
2026-09-13 02:32:41 [WARN] Removed invalid chain conveyor connection. controller=[4, 3, 3], connectionIndex=0
2026-09-13 02:32:41 [INFO] Meow, output schematic item list!
2026-09-13 02:32:41 [INFO] ID: create:package_frogport, Count: 2
2026-09-13 02:32:41 [INFO] ID: minecraft:lever, Count: 4
2026-09-13 02:32:41 [INFO] ID: create:repackager, Count: 3
2026-09-13 02:32:41 [INFO] ID: minecraft:sign, Count: 1
2026-09-13 02:32:41 [INFO] ID: create:chain_conveyor, Count: 1
2026-09-13 02:32:41 [INFO] ID: create:belt, Count: 9
2026-09-13 02:32:41 [INFO] ID: create:item_vault, Count: 6
2026-09-13 02:32:41 [INFO] ID: create:brass_tunnel, Count: 3
2026-09-13 02:32:41 [INFO] ID: create:chute, Count: 2
2026-09-13 02:32:41 [INFO] ID: create:gearbox, Count: 4
2026-09-13 02:32:41 [INFO] ID: create:encased_shaft, Count: 1
2026-09-13 02:32:41 [INFO] ID: create:packager, Count: 4
2026-09-13 02:32:41 [INFO] ID: create:mechanical_crafter, Count: 27
2026-09-13 02:32:41 [INFO] ID: create:encased_cogwheel, Count: 5
2026-09-13 02:32:41 [INFO] ID: create:andesite_belt_funnel, Count: 6
2026-09-13 02:32:41 [INFO] bibi~ scan success time consume：19 ms
2026-09-13 02:32:48 [INFO] thread run！goal =》./schematics/uploaded/VonlklLz/Sborchik_3x3_2.nbt
2026-09-13 02:32:48 [INFO] Meow, output schematic item list!
2026-09-13 02:32:48 [INFO] ID: create:mechanical_crafter, Count: 9
2026-09-13 02:32:48 [INFO] bibi~ scan success time consume：5 ms
2026-09-13 02:32:56 [INFO] thread run！goal =》./schematics/uploaded/VonlklLz/Sborchik_3x3_2.nbt
2026-09-13 02:32:56 [INFO] Meow, output schematic item list!
2026-09-13 02:32:56 [INFO] ID: create:mechanical_crafter, Count: 9
2026-09-13 02:32:56 [INFO] bibi~ scan success time consume：4 ms
2026-09-13 02:40:21 [INFO] thread run！goal =》./schematics/uploaded/VonlklLz/Sborchik_3x3_2.nbt
2026-09-13 02:40:21 [INFO] Meow, output schematic item list!
2026-09-13 02:40:21 [INFO] ID: create:mechanical_crafter, Count: 9
2026-09-13 02:40:21 [INFO] bibi~ scan success time consume：4 ms
2026-09-13 02:59:52 [INFO] CSC close completely, thanks for using!
2026-09-13 12:43:03 [INFO] CSC is loading...   Success！
2026-09-13 12:44:12 [INFO]    _____  _____  _____ 
2026-09-13 12:44:12 [INFO]   / ____|/ ____|/ ____|
2026-09-13 12:44:12 [INFO]  | |    | (___ | |        [CSC] Version: v2.27.45
2026-09-13 12:44:12 [INFO]  | |     \___ \| |        Minecraft Version: 1.21.1 neoforge
2026-09-13 12:44:12 [INFO]  | |____ ____) | |____    Problem/Feedback: Discord: https://discord.gg/rQV5JPauY7
2026-09-13 12:44:12 [INFO]   \_____|_____/ \_____|
2026-09-13 12:44:12 [INFO]                        
2026-09-13 12:59:37 [INFO] thread run！goal =》./schematics/uploaded/VonlklLz/Ventilyator1.nbt
2026-09-13 12:59:37 [INFO] Meow, output schematic item list!
2026-09-13 12:59:37 [INFO] ID: create:package_frogport, Count: 1
2026-09-13 12:59:37 [INFO] ID: create:framed_glass, Count: 24
2026-09-13 12:59:37 [INFO] ID: create:encased_large_cogwheel, Count: 1
2026-09-13 12:59:37 [INFO] ID: minecraft:sign, Count: 1
2026-09-13 12:59:37 [INFO] ID: create:item_vault, Count: 1
2026-09-13 12:59:37 [INFO] ID: create:rotation_speed_controller, Count: 1
2026-09-13 12:59:37 [INFO] ID: create:gearbox, Count: 3
2026-09-13 12:59:37 [INFO] ID: create:encased_shaft, Count: 10
2026-09-13 12:59:37 [INFO] ID: minecraft:water, Count: 1
2026-09-13 12:59:37 [INFO] ID: create:encased_fan, Count: 4
2026-09-13 12:59:37 [INFO] ID: create:brass_funnel, Count: 1
2026-09-13 12:59:37 [INFO] ID: create:andesite_funnel, Count: 1
2026-09-13 12:59:37 [INFO] ID: create:encased_cogwheel, Count: 17
2026-09-13 12:59:37 [INFO] ID: minecraft:torch, Count: 1
2026-09-13 12:59:37 [INFO] bibi~ scan success time consume：86 ms
2026-09-13 16:22:36 [INFO] thread run！goal =》./schematics/uploaded/VonlklLz/Sborchik_3x3x3.nbt
2026-09-13 16:22:36 [INFO] Meow, output schematic item list!
2026-09-13 16:22:36 [INFO] ID: create:mechanical_crafter, Count: 27
2026-09-13 16:22:36 [INFO] bibi~ scan success time consume：16 ms
2026-09-13 19:15:07 [INFO] CSC close completely, thanks for using!
2026-09-13 19:16:29 [INFO]    _____  _____  _____ 
2026-09-13 19:16:29 [INFO]   / ____|/ ____|/ ____|
2026-09-13 19:16:29 [INFO]  | |    | (___ | |        [CSC] Version: v2.27.45
2026-09-13 19:16:29 [INFO]  | |     \___ \| |        Minecraft Version: 1.21.1 neoforge
2026-09-13 19:16:29 [INFO]  | |____ ____) | |____    Problem/Feedback: Discord: https://discord.gg/rQV5JPauY7
2026-09-13 19:16:29 [INFO]   \_____|_____/ \_____|
2026-09-13 19:16:29 [INFO]                        
2026-09-13 19:55:06 [INFO] thread run！goal =》./schematics/uploaded/VonlklLz/Sborchik_3x3x3.nbt
2026-09-13 19:55:06 [INFO] Meow, output schematic item list!
2026-09-13 19:55:06 [INFO] ID: create:mechanical_crafter, Count: 27
2026-09-13 19:55:06 [INFO] bibi~ scan success time consume：18 ms
2026-09-13 20:03:00 [INFO] thread run！goal =》./schematics/uploaded/VonlklLz/Sborchik_3x3_2.nbt
2026-09-13 20:03:00 [INFO] Meow, output schematic item list!
2026-09-13 20:03:00 [INFO] ID: create:mechanical_crafter, Count: 9
2026-09-13 20:03:00 [INFO] bibi~ scan success time consume：5 ms
2026-09-13 20:03:04 [INFO] thread run！goal =》./schematics/uploaded/VonlklLz/Sborchik_3x3x3.nbt
2026-09-13 20:03:04 [INFO] Meow, output schematic item list!
2026-09-13 20:03:04 [INFO] ID: create:mechanical_crafter, Count: 27
2026-09-13 20:03:04 [INFO] bibi~ scan success time consume：12 ms
2026-09-13 20:27:33 [INFO] thread run！goal =》./schematics/uploaded/VonlklLz/Sborchik_3x3x3.nbt
2026-09-13 20:27:33 [INFO] Meow, output schematic item list!
2026-09-13 20:27:33 [INFO] ID: create:mechanical_crafter, Count: 27
2026-09-13 20:27:33 [INFO] bibi~ scan success time consume：19 ms
2026-09-13 21:01:32 [INFO] thread run！goal =》./schematics/uploaded/VonlklLz/Sborchik_3x3x3.nbt
2026-09-13 21:01:32 [INFO] Meow, output schematic item list!
2026-09-13 21:01:32 [INFO] ID: create:mechanical_crafter, Count: 27
2026-09-13 21:01:32 [INFO] bibi~ scan success time consume：23 ms
2026-09-13 21:19:22 [INFO] thread run！goal =》./schematics/uploaded/VonlklLz/Sborchik_3x3x3.nbt
2026-09-13 21:19:22 [INFO] Meow, output schematic item list!
2026-09-13 21:19:22 [INFO] ID: create:mechanical_crafter, Count: 27
2026-09-13 21:19:22 [INFO] bibi~ scan success time consume：23 ms
2026-09-13 22:03:38 [INFO] CSC close completely, thanks for using!
2026-09-14 19:07:44 [INFO] CSC is loading...   Success！
2026-09-14 19:31:18 [INFO]    _____  _____  _____ 
2026-09-14 19:31:18 [INFO]   / ____|/ ____|/ ____|
2026-09-14 19:31:18 [INFO]  | |    | (___ | |        [CSC] Version: v2.27.45
2026-09-14 19:31:18 [INFO]  | |     \___ \| |        Minecraft Version: 1.21.1 neoforge
2026-09-14 19:31:18 [INFO]  | |____ ____) | |____    Problem/Feedback: Discord: https://discord.gg/rQV5JPauY7
2026-09-14 19:31:18 [INFO]   \_____|_____/ \_____|
2026-09-14 19:31:18 [INFO]                        
2026-09-14 20:43:49 [INFO] CSC close completely, thanks for using!
2026-09-14 20:44:03 [INFO]    _____  _____  _____ 
2026-09-14 20:44:03 [INFO]   / ____|/ ____|/ ____|
2026-09-14 20:44:03 [INFO]  | |    | (___ | |        [CSC] Version: v2.27.45
2026-09-14 20:44:03 [INFO]  | |     \___ \| |        Minecraft Version: 1.21.1 neoforge
2026-09-14 20:44:03 [INFO]  | |____ ____) | |____    Problem/Feedback: Discord: https://discord.gg/rQV5JPauY7
2026-09-14 20:44:03 [INFO]   \_____|_____/ \_____|
2026-09-14 20:44:03 [INFO]                        
2026-09-14 22:24:33 [INFO] CSC close completely, thanks for using!
2026-09-15 18:51:46 [INFO] CSC is loading...   Success！
2026-09-15 18:52:49 [INFO]    _____  _____  _____ 
2026-09-15 18:52:49 [INFO]   / ____|/ ____|/ ____|
2026-09-15 18:52:49 [INFO]  | |    | (___ | |        [CSC] Version: v2.27.45
2026-09-15 18:52:49 [INFO]  | |     \___ \| |        Minecraft Version: 1.21.1 neoforge
2026-09-15 18:52:49 [INFO]  | |____ ____) | |____    Problem/Feedback: Discord: https://discord.gg/rQV5JPauY7
2026-09-15 18:52:49 [INFO]   \_____|_____/ \_____|
2026-09-15 18:52:49 [INFO]                        
2026-09-15 19:15:47 [INFO] CSC close completely, thanks for using!
2026-09-16 19:15:07 [INFO] CSC is loading...   Success！
2026-09-16 19:17:36 [INFO]    _____  _____  _____ 
2026-09-16 19:17:36 [INFO]   / ____|/ ____|/ ____|
2026-09-16 19:17:36 [INFO]  | |    | (___ | |        [CSC] Version: v2.27.45
2026-09-16 19:17:36 [INFO]  | |     \___ \| |        Minecraft Version: 1.21.1 neoforge
2026-09-16 19:17:36 [INFO]  | |____ ____) | |____    Problem/Feedback: Discord: https://discord.gg/rQV5JPauY7
2026-09-16 19:17:36 [INFO]   \_____|_____/ \_____|
2026-09-16 19:17:36 [INFO]                        
2026-09-16 20:57:33 [INFO] CSC close completely, thanks for using!
2026-09-16 20:57:51 [INFO]    _____  _____  _____ 
2026-09-16 20:57:51 [INFO]   / ____|/ ____|/ ____|
2026-09-16 20:57:51 [INFO]  | |    | (___ | |        [CSC] Version: v2.27.45
2026-09-16 20:57:51 [INFO]  | |     \___ \| |        Minecraft Version: 1.21.1 neoforge
2026-09-16 20:57:51 [INFO]  | |____ ____) | |____    Problem/Feedback: Discord: https://discord.gg/rQV5JPauY7
2026-09-16 20:57:51 [INFO]   \_____|_____/ \_____|
2026-09-16 20:57:51 [INFO]                        
2026-09-17 00:05:35 [INFO] CSC close completely, thanks for using!
2026-09-17 18:56:59 [INFO] CSC is loading...   Success！
2026-09-17 19:00:56 [INFO]    _____  _____  _____ 
2026-09-17 19:00:56 [INFO]   / ____|/ ____|/ ____|
2026-09-17 19:00:56 [INFO]  | |    | (___ | |        [CSC] Version: v2.27.45
2026-09-17 19:00:56 [INFO]  | |     \___ \| |        Minecraft Version: 1.21.1 neoforge
2026-09-17 19:00:56 [INFO]  | |____ ____) | |____    Problem/Feedback: Discord: https://discord.gg/rQV5JPauY7
2026-09-17 19:00:56 [INFO]   \_____|_____/ \_____|
2026-09-17 19:00:56 [INFO]                        
2026-09-17 20:18:57 [INFO] CSC close completely, thanks for using!
2026-09-17 20:19:18 [INFO]    _____  _____  _____ 
2026-09-17 20:19:18 [INFO]   / ____|/ ____|/ ____|
2026-09-17 20:19:18 [INFO]  | |    | (___ | |        [CSC] Version: v2.27.45
2026-09-17 20:19:18 [INFO]  | |     \___ \| |        Minecraft Version: 1.21.1 neoforge
2026-09-17 20:19:18 [INFO]  | |____ ____) | |____    Problem/Feedback: Discord: https://discord.gg/rQV5JPauY7
2026-09-17 20:19:18 [INFO]   \_____|_____/ \_____|
2026-09-17 20:19:18 [INFO]                        
2026-09-17 20:43:18 [INFO] CSC close completely, thanks for using!
2026-09-17 20:43:30 [INFO]    _____  _____  _____ 
2026-09-17 20:43:30 [INFO]   / ____|/ ____|/ ____|
2026-09-17 20:43:30 [INFO]  | |    | (___ | |        [CSC] Version: v2.27.45
2026-09-17 20:43:30 [INFO]  | |     \___ \| |        Minecraft Version: 1.21.1 neoforge
2026-09-17 20:43:30 [INFO]  | |____ ____) | |____    Problem/Feedback: Discord: https://discord.gg/rQV5JPauY7
2026-09-17 20:43:30 [INFO]   \_____|_____/ \_____|
2026-09-17 20:43:30 [INFO]                        
2026-09-17 20:47:49 [INFO] CSC close completely, thanks for using!
2026-09-17 20:48:49 [INFO]    _____  _____  _____ 
2026-09-17 20:48:49 [INFO]   / ____|/ ____|/ ____|
2026-09-17 20:48:49 [INFO]  | |    | (___ | |        [CSC] Version: v2.27.45
2026-09-17 20:48:49 [INFO]  | |     \___ \| |        Minecraft Version: 1.21.1 neoforge
2026-09-17 20:48:49 [INFO]  | |____ ____) | |____    Problem/Feedback: Discord: https://discord.gg/rQV5JPauY7
2026-09-17 20:48:49 [INFO]   \_____|_____/ \_____|
2026-09-17 20:48:49 [INFO]                        
2026-09-17 21:21:35 [INFO] CSC close completely, thanks for using!
2026-09-17 21:21:48 [INFO]    _____  _____  _____ 
2026-09-17 21:21:48 [INFO]   / ____|/ ____|/ ____|
2026-09-17 21:21:48 [INFO]  | |    | (___ | |        [CSC] Version: v2.27.45
2026-09-17 21:21:48 [INFO]  | |     \___ \| |        Minecraft Version: 1.21.1 neoforge
2026-09-17 21:21:48 [INFO]  | |____ ____) | |____    Problem/Feedback: Discord: https://discord.gg/rQV5JPauY7
2026-09-17 21:21:48 [INFO]   \_____|_____/ \_____|
2026-09-17 21:21:48 [INFO]                        
2026-09-17 22:42:07 [INFO] CSC close completely, thanks for using!
2026-09-18 21:35:21 [INFO] CSC is loading...   Success！
2026-09-18 21:38:32 [INFO]    _____  _____  _____ 
2026-09-18 21:38:32 [INFO]   / ____|/ ____|/ ____|
2026-09-18 21:38:32 [INFO]  | |    | (___ | |        [CSC] Version: v2.27.45
2026-09-18 21:38:32 [INFO]  | |     \___ \| |        Minecraft Version: 1.21.1 neoforge
2026-09-18 21:38:32 [INFO]  | |____ ____) | |____    Problem/Feedback: Discord: https://discord.gg/rQV5JPauY7
2026-09-18 21:38:32 [INFO]   \_____|_____/ \_____|
2026-09-18 21:38:32 [INFO]                        
2026-09-18 21:41:17 [INFO] CSC close completely, thanks for using!
2026-09-18 21:44:09 [INFO] CSC is loading...   Success！
2026-09-18 21:45:59 [INFO]    _____  _____  _____ 
2026-09-18 21:45:59 [INFO]   / ____|/ ____|/ ____|
2026-09-18 21:45:59 [INFO]  | |    | (___ | |        [CSC] Version: v2.27.45
2026-09-18 21:45:59 [INFO]  | |     \___ \| |        Minecraft Version: 1.21.1 neoforge
2026-09-18 21:45:59 [INFO]  | |____ ____) | |____    Problem/Feedback: Discord: https://discord.gg/rQV5JPauY7
2026-09-18 21:45:59 [INFO]   \_____|_____/ \_____|
2026-09-18 21:45:59 [INFO]                        
2026-09-18 22:21:51 [INFO] CSC is loading...   Success！
2026-09-18 22:22:49 [INFO]    _____  _____  _____ 
2026-09-18 22:22:49 [INFO]   / ____|/ ____|/ ____|
2026-09-18 22:22:49 [INFO]  | |    | (___ | |        [CSC] Version: v2.27.45
2026-09-18 22:22:49 [INFO]  | |     \___ \| |        Minecraft Version: 1.21.1 neoforge
2026-09-18 22:22:49 [INFO]  | |____ ____) | |____    Problem/Feedback: Discord: https://discord.gg/rQV5JPauY7
2026-09-18 22:22:49 [INFO]   \_____|_____/ \_____|
2026-09-18 22:22:49 [INFO]                        
2026-09-18 22:32:51 [INFO] CSC close completely, thanks for using!
2026-09-19 13:50:22 [INFO] CSC is loading...   Success！
2026-09-19 13:57:17 [INFO]    _____  _____  _____ 
2026-09-19 13:57:17 [INFO]   / ____|/ ____|/ ____|
2026-09-19 13:57:17 [INFO]  | |    | (___ | |        [CSC] Version: v2.27.45
2026-09-19 13:57:17 [INFO]  | |     \___ \| |        Minecraft Version: 1.21.1 neoforge
2026-09-19 13:57:17 [INFO]  | |____ ____) | |____    Problem/Feedback: Discord: https://discord.gg/rQV5JPauY7
2026-09-19 13:57:17 [INFO]   \_____|_____/ \_____|
2026-09-19 13:57:17 [INFO]                        
2026-09-19 18:51:32 [INFO] CSC close completely, thanks for using!
2026-09-19 18:51:47 [INFO]    _____  _____  _____ 
2026-09-19 18:51:47 [INFO]   / ____|/ ____|/ ____|
2026-09-19 18:51:47 [INFO]  | |    | (___ | |        [CSC] Version: v2.27.45
2026-09-19 18:51:47 [INFO]  | |     \___ \| |        Minecraft Version: 1.21.1 neoforge
2026-09-19 18:51:47 [INFO]  | |____ ____) | |____    Problem/Feedback: Discord: https://discord.gg/rQV5JPauY7
2026-09-19 18:51:47 [INFO]   \_____|_____/ \_____|
2026-09-19 18:51:47 [INFO]                        
2026-09-19 19:24:26 [INFO] CSC close completely, thanks for using!
2026-09-19 19:24:38 [INFO]    _____  _____  _____ 
2026-09-19 19:24:38 [INFO]   / ____|/ ____|/ ____|
2026-09-19 19:24:38 [INFO]  | |    | (___ | |        [CSC] Version: v2.27.45
2026-09-19 19:24:38 [INFO]  | |     \___ \| |        Minecraft Version: 1.21.1 neoforge
2026-09-19 19:24:38 [INFO]  | |____ ____) | |____    Problem/Feedback: Discord: https://discord.gg/rQV5JPauY7
2026-09-19 19:24:38 [INFO]   \_____|_____/ \_____|
2026-09-19 19:24:38 [INFO]                        
2026-09-19 19:31:01 [INFO] CSC close completely, thanks for using!
2026-09-19 19:31:15 [INFO]    _____  _____  _____ 
2026-09-19 19:31:15 [INFO]   / ____|/ ____|/ ____|
2026-09-19 19:31:15 [INFO]  | |    | (___ | |        [CSC] Version: v2.27.45
2026-09-19 19:31:15 [INFO]  | |     \___ \| |        Minecraft Version: 1.21.1 neoforge
2026-09-19 19:31:15 [INFO]  | |____ ____) | |____    Problem/Feedback: Discord: https://discord.gg/rQV5JPauY7
2026-09-19 19:31:15 [INFO]   \_____|_____/ \_____|
2026-09-19 19:31:15 [INFO]                        
2026-09-19 20:40:28 [INFO] CSC close completely, thanks for using!
2026-09-19 20:40:42 [INFO]    _____  _____  _____ 
2026-09-19 20:40:42 [INFO]   / ____|/ ____|/ ____|
2026-09-19 20:40:42 [INFO]  | |    | (___ | |        [CSC] Version: v2.27.45
2026-09-19 20:40:42 [INFO]  | |     \___ \| |        Minecraft Version: 1.21.1 neoforge
2026-09-19 20:40:42 [INFO]  | |____ ____) | |____    Problem/Feedback: Discord: https://discord.gg/rQV5JPauY7
2026-09-19 20:40:42 [INFO]   \_____|_____/ \_____|
2026-09-19 20:40:42 [INFO]                        
2026-09-19 21:49:10 [INFO] CSC is loading...   Success！
2026-09-19 21:49:54 [INFO]    _____  _____  _____ 
2026-09-19 21:49:54 [INFO]   / ____|/ ____|/ ____|
2026-09-19 21:49:54 [INFO]  | |    | (___ | |        [CSC] Version: v2.27.45
2026-09-19 21:49:54 [INFO]  | |     \___ \| |        Minecraft Version: 1.21.1 neoforge
2026-09-19 21:49:54 [INFO]  | |____ ____) | |____    Problem/Feedback: Discord: https://discord.gg/rQV5JPauY7
2026-09-19 21:49:54 [INFO]   \_____|_____/ \_____|
2026-09-19 21:49:54 [INFO]                        
2026-09-19 23:56:16 [INFO] CSC close completely, thanks for using!
2026-09-20 01:10:09 [INFO] CSC is loading...   Success！
2026-09-20 01:11:25 [INFO]    _____  _____  _____ 
2026-09-20 01:11:25 [INFO]   / ____|/ ____|/ ____|
2026-09-20 01:11:25 [INFO]  | |    | (___ | |        [CSC] Version: v2.27.45
2026-09-20 01:11:25 [INFO]  | |     \___ \| |        Minecraft Version: 1.21.1 neoforge
2026-09-20 01:11:25 [INFO]  | |____ ____) | |____    Problem/Feedback: Discord: https://discord.gg/rQV5JPauY7
2026-09-20 01:11:25 [INFO]   \_____|_____/ \_____|
2026-09-20 01:11:25 [INFO]                        
2026-09-20 01:15:29 [INFO] CSC is loading...   Success！
2026-09-20 01:16:13 [INFO]    _____  _____  _____ 
2026-09-20 01:16:13 [INFO]   / ____|/ ____|/ ____|
2026-09-20 01:16:13 [INFO]  | |    | (___ | |        [CSC] Version: v2.27.45
2026-09-20 01:16:13 [INFO]  | |     \___ \| |        Minecraft Version: 1.21.1 neoforge
2026-09-20 01:16:13 [INFO]  | |____ ____) | |____    Problem/Feedback: Discord: https://discord.gg/rQV5JPauY7
2026-09-20 01:16:13 [INFO]   \_____|_____/ \_____|
2026-09-20 01:16:13 [INFO]                        
2026-09-20 01:37:38 [INFO] CSC close completely, thanks for using!
2026-09-20 01:37:52 [INFO]    _____  _____  _____ 
2026-09-20 01:37:52 [INFO]   / ____|/ ____|/ ____|
2026-09-20 01:37:52 [INFO]  | |    | (___ | |        [CSC] Version: v2.27.45
2026-09-20 01:37:52 [INFO]  | |     \___ \| |        Minecraft Version: 1.21.1 neoforge
2026-09-20 01:37:52 [INFO]  | |____ ____) | |____    Problem/Feedback: Discord: https://discord.gg/rQV5JPauY7
2026-09-20 01:37:52 [INFO]   \_____|_____/ \_____|
2026-09-20 01:37:52 [INFO]                        
2026-09-20 01:41:12 [INFO] CSC close completely, thanks for using!
2026-09-20 01:41:26 [INFO]    _____  _____  _____ 
2026-09-20 01:41:26 [INFO]   / ____|/ ____|/ ____|
2026-09-20 01:41:26 [INFO]  | |    | (___ | |        [CSC] Version: v2.27.45
2026-09-20 01:41:26 [INFO]  | |     \___ \| |        Minecraft Version: 1.21.1 neoforge
2026-09-20 01:41:26 [INFO]  | |____ ____) | |____    Problem/Feedback: Discord: https://discord.gg/rQV5JPauY7
2026-09-20 01:41:26 [INFO]   \_____|_____/ \_____|
2026-09-20 01:41:26 [INFO]                        
2026-09-20 01:42:58 [INFO] CSC close completely, thanks for using!
2026-09-20 01:44:47 [INFO]    _____  _____  _____ 
2026-09-20 01:44:47 [INFO]   / ____|/ ____|/ ____|
2026-09-20 01:44:47 [INFO]  | |    | (___ | |        [CSC] Version: v2.27.45
2026-09-20 01:44:47 [INFO]  | |     \___ \| |        Minecraft Version: 1.21.1 neoforge
2026-09-20 01:44:47 [INFO]  | |____ ____) | |____    Problem/Feedback: Discord: https://discord.gg/rQV5JPauY7
2026-09-20 01:44:47 [INFO]   \_____|_____/ \_____|
2026-09-20 01:44:47 [INFO]                        
2026-09-20 12:00:07 [INFO] CSC is loading...   Success！
2026-09-20 12:00:52 [INFO]    _____  _____  _____ 
2026-09-20 12:00:52 [INFO]   / ____|/ ____|/ ____|
2026-09-20 12:00:52 [INFO]  | |    | (___ | |        [CSC] Version: v2.27.45
2026-09-20 12:00:52 [INFO]  | |     \___ \| |        Minecraft Version: 1.21.1 neoforge
2026-09-20 12:00:52 [INFO]  | |____ ____) | |____    Problem/Feedback: Discord: https://discord.gg/rQV5JPauY7
2026-09-20 12:00:52 [INFO]   \_____|_____/ \_____|
2026-09-20 12:00:52 [INFO]                        
2026-09-20 12:01:14 [INFO] CSC close completely, thanks for using!
2026-09-20 12:03:01 [INFO] CSC is loading...   Success！
2026-09-20 12:03:43 [INFO]    _____  _____  _____ 
2026-09-20 12:03:43 [INFO]   / ____|/ ____|/ ____|
2026-09-20 12:03:43 [INFO]  | |    | (___ | |        [CSC] Version: v2.27.45
2026-09-20 12:03:43 [INFO]  | |     \___ \| |        Minecraft Version: 1.21.1 neoforge
2026-09-20 12:03:43 [INFO]  | |____ ____) | |____    Problem/Feedback: Discord: https://discord.gg/rQV5JPauY7
2026-09-20 12:03:43 [INFO]   \_____|_____/ \_____|
2026-09-20 12:03:43 [INFO]                        
2026-09-20 12:13:54 [INFO] CSC close completely, thanks for using!
2026-09-20 12:18:01 [INFO]    _____  _____  _____ 
2026-09-20 12:18:01 [INFO]   / ____|/ ____|/ ____|
2026-09-20 12:18:01 [INFO]  | |    | (___ | |        [CSC] Version: v2.27.45
2026-09-20 12:18:01 [INFO]  | |     \___ \| |        Minecraft Version: 1.21.1 neoforge
2026-09-20 12:18:01 [INFO]  | |____ ____) | |____    Problem/Feedback: Discord: https://discord.gg/rQV5JPauY7
2026-09-20 12:18:01 [INFO]   \_____|_____/ \_____|
2026-09-20 12:18:01 [INFO]                        
2026-09-20 12:35:35 [INFO] CSC close completely, thanks for using!
2026-09-20 12:35:48 [INFO]    _____  _____  _____ 
2026-09-20 12:35:48 [INFO]   / ____|/ ____|/ ____|
2026-09-20 12:35:48 [INFO]  | |    | (___ | |        [CSC] Version: v2.27.45
2026-09-20 12:35:48 [INFO]  | |     \___ \| |        Minecraft Version: 1.21.1 neoforge
2026-09-20 12:35:48 [INFO]  | |____ ____) | |____    Problem/Feedback: Discord: https://discord.gg/rQV5JPauY7
2026-09-20 12:35:48 [INFO]   \_____|_____/ \_____|
2026-09-20 12:35:48 [INFO]                        
2026-09-20 12:48:10 [INFO] CSC close completely, thanks for using!
2026-09-20 13:45:34 [INFO] CSC is loading...   Success！
2026-09-20 13:46:20 [INFO]    _____  _____  _____ 
2026-09-20 13:46:20 [INFO]   / ____|/ ____|/ ____|
2026-09-20 13:46:20 [INFO]  | |    | (___ | |        [CSC] Version: v2.27.45
2026-09-20 13:46:20 [INFO]  | |     \___ \| |        Minecraft Version: 1.21.1 neoforge
2026-09-20 13:46:20 [INFO]  | |____ ____) | |____    Problem/Feedback: Discord: https://discord.gg/rQV5JPauY7
2026-09-20 13:46:20 [INFO]   \_____|_____/ \_____|
2026-09-20 13:46:20 [INFO]                        
2026-09-20 14:14:54 [INFO] CSC close completely, thanks for using!
2026-09-20 14:18:12 [INFO] CSC is loading...   Success！
2026-09-20 14:19:17 [INFO]    _____  _____  _____ 
2026-09-20 14:19:17 [INFO]   / ____|/ ____|/ ____|
2026-09-20 14:19:17 [INFO]  | |    | (___ | |        [CSC] Version: v2.27.45
2026-09-20 14:19:17 [INFO]  | |     \___ \| |        Minecraft Version: 1.21.1 neoforge
2026-09-20 14:19:17 [INFO]  | |____ ____) | |____    Problem/Feedback: Discord: https://discord.gg/rQV5JPauY7
2026-09-20 14:19:17 [INFO]   \_____|_____/ \_____|
2026-09-20 14:19:17 [INFO]                        
2026-09-20 14:38:57 [INFO] CSC close completely, thanks for using!
